[Query Planner Error] name 'OpenAI' is not defined

📍 Query 1/1: Summarize 10 Tableau dashboards into 6 stakeholder-ready insights for a Monthly Business Review using GPT

🔍 Running Research Agent...

🔍 Running Perplexity search...

[Perplexity Response]
 To summarize 10 Tableau dashboards into 6 stakeholder-ready insights for a Monthly Business Review using GPT-4, you will need to leverage tools like Tableau for data visualization, SQL for data management, and GPT-4 for generating insights. Here's a step-by-step approach to accomplish this task, with a specific tutorial, code examples, and guides to help you learn prompt engineering and automate workflows.

## Step 1: Connect Tableau to SQL Server

### Tutorial: Connect Tableau to SQL Server
1. **Open Tableau Desktop** and navigate to the Connect pane.
2. Select **Microsoft SQL Server** as your data connection.
3. Enter your SQL Server details (Server, database, authentication).
4. Validate the connection by checking the available tables.

**Example Code for Custom SQL Query in Tableau:**

If you need to refine your data, you can use custom SQL queries in Tableau:

1. In the data pane, click **New Custom SQL Query**.
2. Enter your SQL query, for example:
\` 
\` 
\` 
\` 
\` 
\` 
\` 
\` 
\` 
\` 
\` 
\` 
\` 
\` 
\` 
\` 
\` 
\` 
\` 
\` 
\` 
\` 
\` 
\` 
\` 
\` 
\` 
\` 
\` 
\` 
\` 
\` 
\` 
\` 
\` 
\` 
\` 
\` 
\` 
\` 
\` 
\` 
\` 
\` 
\` 
\` 
\` 
\` 
\` 
\` 
\` 
\` 
\` 
\` 
\` 
\` 
\` 
\` 
\` 
\` 
\` 
\` 
\` 
\` 
\` 
\` 
\` 
\` 
\` 
\` 
\` 
\` 
\` 
\` 
\` 
\` 
\` 
\` 
\` 
\` 
\` 
\` 
\` 
\` 
\` 
\` 
\` 
\` 
\` 
\` 
\` 
\` 
\` 
\` 
\` 
\` 
\` 
\` 
\` 
\` 
\` 
\` 
\` 
\` 
\` 
\` 
\` 
\` 
\` 
\` 
\` 
\` 
\` 
\` 
\` 
\` 
\` 
\` 
\` 
\` 
\` 
\` 
\` 
\` 
\` 
\` 
\` 
\` 
\` 
\` 
\` 
\` 
\` 
\` 
\` 
\` 
\` 
\` 
\` 
\` 
\` 
\` 
\` 
\` 
\` 
\` 
\` 
\` 
\` 
\` 
\` 
\` 
\` 
\` 
\` 
\` 
\` 
\` 
\` 
\` 
\` 
\` 
\` 
\` 
\` 
\` 
\` 
\` 
\` 
\` 
\` 
\` 
\` 
\` 
\` 
\` 
\` 
\` 
\` 
\` 
\` 
\` 
\` 
\` 
\` 
\` 
\` 
\` 
\` 
\` 
\` 
\` 
\` 
\` 
\` 
\` 
\` 
\` 
\` 
\` 
\` 
\` 
\` 
\` 
\` 
\` 
\` 
\` 
\` 
\` 
\` 
\` 
\` 
\` 
\` 
\` 
\` 
\` 
\` 
\` 
\` 
\` 
\` 
\` 
\` 
\` 
\` 
\` 
\` 
\` 
\` 
\` 
\` 
\` 
\` 
\` 
\` 
\` 
\` 
\` 
\` 
\` 
\` 
\` 
\` 
\` 
\` 
\` 
\` 
\` 
\` 
\` 
\` 
\` 
\` 
\` 
\` 
\` 
\` 
\` 
\` 
\` 
\` 
\` 
\` 
\` 
\` 
\` 
\` 
\`
Found 0 research results

🎥 Running YouTube Search...
Found 3 YouTube results

💻 Running GitHub Search...
Searching GitHub with query: 1. "Python Tableau dashboard"
GitHub API Response Status: 200
GitHub API Response: {'total_count': 26906, 'incomplete_results': False, 'items': [{'id': 574523116, 'node_id': 'R_kgDOIj6G7A', 'name': 'awesome-chatgpt-prompts', 'full_name': 'f/awesome-chatgpt-prompts', 'private': False, 'owner': {'login': 'f', 'id': 196477, 'node_id': 'MDQ6VXNlcjE5NjQ3Nw==', 'avatar_url': 'https://avatars.githubusercontent.com/u/196477?v=4', 'gravatar_id': '', 'url': 'https://api.github.com/users/f', 'html_url': 'https://github.com/f', 'followers_url': 'https://api.github.com/users/f/followers', 'following_url': 'https://api.github.com/users/f/following{/other_user}', 'gists_url': 'https://api.github.com/users/f/gists{/gist_id}', 'starred_url': 'https://api.github.com/users/f/starred{/owner}{/repo}', 'subscriptions_url': 'https://api.github.com/users/f/subscriptions', 'organizations_url': 'https://api.github.com/users/f/orgs', 'repos_url': 'https://api.github.com/users/f/repos', 'events_url': 'https://api.github.com/users/f/events{/privacy}', 'received_events_url': 'https://api.github.com/users/f/received_events', 'type': 'User', 'user_view_type': 'public', 'site_admin': False}, 'html_url': 'https://github.com/f/awesome-chatgpt-prompts', 'description': 'This repo includes ChatGPT prompt curation to use ChatGPT and other LLM tools better.', 'fork': False, 'url': 'https://api.github.com/repos/f/awesome-chatgpt-prompts', 'forks_url': 'https://api.github.com/repos/f/awesome-chatgpt-prompts/forks', 'keys_url': 'https://api.github.com/repos/f/awesome-chatgpt-prompts/keys{/key_id}', 'collaborators_url': 'https://api.github.com/repos/f/awesome-chatgpt-prompts/collaborators{/collaborator}', 'teams_url': 'https://api.github.com/repos/f/awesome-chatgpt-prompts/teams', 'hooks_url': 'https://api.github.com/repos/f/awesome-chatgpt-prompts/hooks', 'issue_events_url': 'https://api.github.com/repos/f/awesome-chatgpt-prompts/issues/events{/number}', 'events_url': 'https://api.github.com/repos/f/awesome-chatgpt-prompts/events', 'assignees_url': 'https://api.github.com/repos/f/awesome-chatgpt-prompts/assignees{/user}', 'branches_url': 'https://api.github.com/repos/f/awesome-chatgpt-prompts/branches{/branch}', 'tags_url': 'https://api.github.com/repos/f/awesome-chatgpt-prompts/tags', 'blobs_url': 'https://api.github.com/repos/f/awesome-chatgpt-prompts/git/blobs{/sha}', 'git_tags_url': 'https://api.github.com/repos/f/awesome-chatgpt-prompts/git/tags{/sha}', 'git_refs_url': 'https://api.github.com/repos/f/awesome-chatgpt-prompts/git/refs{/sha}', 'trees_url': 'https://api.github.com/repos/f/awesome-chatgpt-prompts/git/trees{/sha}', 'statuses_url': 'https://api.github.com/repos/f/awesome-chatgpt-prompts/statuses/{sha}', 'languages_url': 'https://api.github.com/repos/f/awesome-chatgpt-prompts/languages', 'stargazers_url': 'https://api.github.com/repos/f/awesome-chatgpt-prompts/stargazers', 'contributors_url': 'https://api.github.com/repos/f/awesome-chatgpt-prompts/contributors', 'subscribers_url': 'https://api.github.com/repos/f/awesome-chatgpt-prompts/subscribers', 'subscription_url': 'https://api.github.com/repos/f/awesome-chatgpt-prompts/subscription', 'commits_url': 'https://api.github.com/repos/f/awesome-chatgpt-prompts/commits{/sha}', 'git_commits_url': 'https://api.github.com/repos/f/awesome-chatgpt-prompts/git/commits{/sha}', 'comments_url': 'https://api.github.com/repos/f/awesome-chatgpt-prompts/comments{/number}', 'issue_comment_url': 'https://api.github.com/repos/f/awesome-chatgpt-prompts/issues/comments{/number}', 'contents_url': 'https://api.github.com/repos/f/awesome-chatgpt-prompts/contents/{+path}', 'compare_url': 'https://api.github.com/repos/f/awesome-chatgpt-prompts/compare/{base}...{head}', 'merges_url': 'https://api.github.com/repos/f/awesome-chatgpt-prompts/merges', 'archive_url': 'https://api.github.com/repos/f/awesome-chatgpt-prompts/{archive_format}{/ref}', 'downloads_url': 'https://api.github.com/repos/f/awesome-chatgpt-prompts/downloads', 'issues_url': 'https://api.github.com/repos/f/awesome-chatgpt-prompts/issues{/number}', 'pulls_url': 'https://api.github.com/repos/f/awesome-chatgpt-prompts/pulls{/number}', 'milestones_url': 'https://api.github.com/repos/f/awesome-chatgpt-prompts/milestones{/number}', 'notifications_url': 'https://api.github.com/repos/f/awesome-chatgpt-prompts/notifications{?since,all,participating}', 'labels_url': 'https://api.github.com/repos/f/awesome-chatgpt-prompts/labels{/name}', 'releases_url': 'https://api.github.com/repos/f/awesome-chatgpt-prompts/releases{/id}', 'deployments_url': 'https://api.github.com/repos/f/awesome-chatgpt-prompts/deployments', 'created_at': '2022-12-05T13:54:13Z', 'updated_at': '2025-04-14T03:00:11Z', 'pushed_at': '2025-04-10T21:22:29Z', 'git_url': 'git://github.com/f/awesome-chatgpt-prompts.git', 'ssh_url': 'git@github.com:f/awesome-chatgpt-prompts.git', 'clone_url': 'https://github.com/f/awesome-chatgpt-prompts.git', 'svn_url': 'https://github.com/f/awesome-chatgpt-prompts', 'homepage': 'https://prompts.chat', 'size': 1413, 'stargazers_count': 122920, 'watchers_count': 122920, 'language': 'JavaScript', 'has_issues': False, 'has_projects': False, 'has_downloads': True, 'has_wiki': False, 'has_pages': True, 'has_discussions': False, 'forks_count': 16467, 'mirror_url': None, 'archived': False, 'disabled': False, 'open_issues_count': 265, 'license': {'key': 'cc0-1.0', 'name': 'Creative Commons Zero v1.0 Universal', 'spdx_id': 'CC0-1.0', 'url': 'https://api.github.com/licenses/cc0-1.0', 'node_id': 'MDc6TGljZW5zZTY='}, 'allow_forking': True, 'is_template': False, 'web_commit_signoff_required': False, 'topics': ['bots', 'chatbot', 'chatgpt', 'chatgpt-api', 'language'], 'visibility': 'public', 'forks': 16467, 'open_issues': 265, 'watchers': 122920, 'default_branch': 'main', 'permissions': {'admin': False, 'maintain': False, 'push': False, 'triage': False, 'pull': True}, 'score': 1.0}, {'id': 32484381, 'node_id': 'MDEwOlJlcG9zaXRvcnkzMjQ4NDM4MQ==', 'name': 'free-for-dev', 'full_name': 'ripienaar/free-for-dev', 'private': False, 'owner': {'login': 'ripienaar', 'id': 82342, 'node_id': 'MDQ6VXNlcjgyMzQy', 'avatar_url': 'https://avatars.githubusercontent.com/u/82342?v=4', 'gravatar_id': '', 'url': 'https://api.github.com/users/ripienaar', 'html_url': 'https://github.com/ripienaar', 'followers_url': 'https://api.github.com/users/ripienaar/followers', 'following_url': 'https://api.github.com/users/ripienaar/following{/other_user}', 'gists_url': 'https://api.github.com/users/ripienaar/gists{/gist_id}', 'starred_url': 'https://api.github.com/users/ripienaar/starred{/owner}{/repo}', 'subscriptions_url': 'https://api.github.com/users/ripienaar/subscriptions', 'organizations_url': 'https://api.github.com/users/ripienaar/orgs', 'repos_url': 'https://api.github.com/users/ripienaar/repos', 'events_url': 'https://api.github.com/users/ripienaar/events{/privacy}', 'received_events_url': 'https://api.github.com/users/ripienaar/received_events', 'type': 'User', 'user_view_type': 'public', 'site_admin': False}, 'html_url': 'https://github.com/ripienaar/free-for-dev', 'description': 'A list of SaaS, PaaS and IaaS offerings that have free tiers of interest to devops and infradev', 'fork': False, 'url': 'https://api.github.com/repos/ripienaar/free-for-dev', 'forks_url': 'https://api.github.com/repos/ripienaar/free-for-dev/forks', 'keys_url': 'https://api.github.com/repos/ripienaar/free-for-dev/keys{/key_id}', 'collaborators_url': 'https://api.github.com/repos/ripienaar/free-for-dev/collaborators{/collaborator}', 'teams_url': 'https://api.github.com/repos/ripienaar/free-for-dev/teams', 'hooks_url': 'https://api.github.com/repos/ripienaar/free-for-dev/hooks', 'issue_events_url': 'https://api.github.com/repos/ripienaar/free-for-dev/issues/events{/number}', 'events_url': 'https://api.github.com/repos/ripienaar/free-for-dev/events', 'assignees_url': 'https://api.github.com/repos/ripienaar/free-for-dev/assignees{/user}', 'branches_url': 'https://api.github.com/repos/ripienaar/free-for-dev/branches{/branch}', 'tags_url': 'https://api.github.com/repos/ripienaar/free-for-dev/tags', 'blobs_url': 'https://api.github.com/repos/ripienaar/free-for-dev/git/blobs{/sha}', 'git_tags_url': 'https://api.github.com/repos/ripienaar/free-for-dev/git/tags{/sha}', 'git_refs_url': 'https://api.github.com/repos/ripienaar/free-for-dev/git/refs{/sha}', 'trees_url': 'https://api.github.com/repos/ripienaar/free-for-dev/git/trees{/sha}', 'statuses_url': 'https://api.github.com/repos/ripienaar/free-for-dev/statuses/{sha}', 'languages_url': 'https://api.github.com/repos/ripienaar/free-for-dev/languages', 'stargazers_url': 'https://api.github.com/repos/ripienaar/free-for-dev/stargazers', 'contributors_url': 'https://api.github.com/repos/ripienaar/free-for-dev/contributors', 'subscribers_url': 'https://api.github.com/repos/ripienaar/free-for-dev/subscribers', 'subscription_url': 'https://api.github.com/repos/ripienaar/free-for-dev/subscription', 'commits_url': 'https://api.github.com/repos/ripienaar/free-for-dev/commits{/sha}', 'git_commits_url': 'https://api.github.com/repos/ripienaar/free-for-dev/git/commits{/sha}', 'comments_url': 'https://api.github.com/repos/ripienaar/free-for-dev/comments{/number}', 'issue_comment_url': 'https://api.github.com/repos/ripienaar/free-for-dev/issues/comments{/number}', 'contents_url': 'https://api.github.com/repos/ripienaar/free-for-dev/contents/{+path}', 'compare_url': 'https://api.github.com/repos/ripienaar/free-for-dev/compare/{base}...{head}', 'merges_url': 'https://api.github.com/repos/ripienaar/free-for-dev/merges', 'archive_url': 'https://api.github.com/repos/ripienaar/free-for-dev/{archive_format}{/ref}', 'downloads_url': 'https://api.github.com/repos/ripienaar/free-for-dev/downloads', 'issues_url': 'https://api.github.com/repos/ripienaar/free-for-dev/issues{/number}', 'pulls_url': 'https://api.github.com/repos/ripienaar/free-for-dev/pulls{/number}', 'milestones_url': 'https://api.github.com/repos/ripienaar/free-for-dev/milestones{/number}', 'notifications_url': 'https://api.github.com/repos/ripienaar/free-for-dev/notifications{?since,all,participating}', 'labels_url': 'https://api.github.com/repos/ripienaar/free-for-dev/labels{/name}', 'releases_url': 'https://api.github.com/repos/ripienaar/free-for-dev/releases{/id}', 'deployments_url': 'https://api.github.com/repos/ripienaar/free-for-dev/deployments', 'created_at': '2015-03-18T21:06:26Z', 'updated_at': '2025-04-14T03:30:03Z', 'pushed_at': '2025-04-11T07:31:51Z', 'git_url': 'git://github.com/ripienaar/free-for-dev.git', 'ssh_url': 'git@github.com:ripienaar/free-for-dev.git', 'clone_url': 'https://github.com/ripienaar/free-for-dev.git', 'svn_url': 'https://github.com/ripienaar/free-for-dev', 'homepage': 'https://free-for.dev/', 'size': 8444, 'stargazers_count': 94640, 'watchers_count': 94640, 'language': 'HTML', 'has_issues': False, 'has_projects': False, 'has_downloads': True, 'has_wiki': False, 'has_pages': True, 'has_discussions': False, 'forks_count': 10229, 'mirror_url': None, 'archived': False, 'disabled': False, 'open_issues_count': 17, 'license': None, 'allow_forking': True, 'is_template': False, 'web_commit_signoff_required': False, 'topics': ['awesome-list', 'free-for-developers'], 'visibility': 'public', 'forks': 10229, 'open_issues': 17, 'watchers': 94640, 'default_branch': 'master', 'permissions': {'admin': False, 'maintain': False, 'push': False, 'triage': False, 'pull': True}, 'score': 1.0}, {'id': 266417772, 'node_id': 'MDEwOlJlcG9zaXRvcnkyNjY0MTc3NzI=', 'name': 'Summer2025-Internships', 'full_name': 'SimplifyJobs/Summer2025-Internships', 'private': False, 'owner': {'login': 'SimplifyJobs', 'id': 63759855, 'node_id': 'MDEyOk9yZ2FuaXphdGlvbjYzNzU5ODU1', 'avatar_url': 'https://avatars.githubusercontent.com/u/63759855?v=4', 'gravatar_id': '', 'url': 'https://api.github.com/users/SimplifyJobs', 'html_url': 'https://github.com/SimplifyJobs', 'followers_url': 'https://api.github.com/users/SimplifyJobs/followers', 'following_url': 'https://api.github.com/users/SimplifyJobs/following{/other_user}', 'gists_url': 'https://api.github.com/users/SimplifyJobs/gists{/gist_id}', 'starred_url': 'https://api.github.com/users/SimplifyJobs/starred{/owner}{/repo}', 'subscriptions_url': 'https://api.github.com/users/SimplifyJobs/subscriptions', 'organizations_url': 'https://api.github.com/users/SimplifyJobs/orgs', 'repos_url': 'https://api.github.com/users/SimplifyJobs/repos', 'events_url': 'https://api.github.com/users/SimplifyJobs/events{/privacy}', 'received_events_url': 'https://api.github.com/users/SimplifyJobs/received_events', 'type': 'Organization', 'user_view_type': 'public', 'site_admin': False}, 'html_url': 'https://github.com/SimplifyJobs/Summer2025-Internships', 'description': 'Collection of Summer 2025 tech internships!', 'fork': False, 'url': 'https://api.github.com/repos/SimplifyJobs/Summer2025-Internships', 'forks_url': 'https://api.github.com/repos/SimplifyJobs/Summer2025-Internships/forks', 'keys_url': 'https://api.github.com/repos/SimplifyJobs/Summer2025-Internships/keys{/key_id}', 'collaborators_url': 'https://api.github.com/repos/SimplifyJobs/Summer2025-Internships/collaborators{/collaborator}', 'teams_url': 'https://api.github.com/repos/SimplifyJobs/Summer2025-Internships/teams', 'hooks_url': 'https://api.github.com/repos/SimplifyJobs/Summer2025-Internships/hooks', 'issue_events_url': 'https://api.github.com/repos/SimplifyJobs/Summer2025-Internships/issues/events{/number}', 'events_url': 'https://api.github.com/repos/SimplifyJobs/Summer2025-Internships/events', 'assignees_url': 'https://api.github.com/repos/SimplifyJobs/Summer2025-Internships/assignees{/user}', 'branches_url': 'https://api.github.com/repos/SimplifyJobs/Summer2025-Internships/branches{/branch}', 'tags_url': 'https://api.github.com/repos/SimplifyJobs/Summer2025-Internships/tags', 'blobs_url': 'https://api.github.com/repos/SimplifyJobs/Summer2025-Internships/git/blobs{/sha}', 'git_tags_url': 'https://api.github.com/repos/SimplifyJobs/Summer2025-Internships/git/tags{/sha}', 'git_refs_url': 'https://api.github.com/repos/SimplifyJobs/Summer2025-Internships/git/refs{/sha}', 'trees_url': 'https://api.github.com/repos/SimplifyJobs/Summer2025-Internships/git/trees{/sha}', 'statuses_url': 'https://api.github.com/repos/SimplifyJobs/Summer2025-Internships/statuses/{sha}', 'languages_url': 'https://api.github.com/repos/SimplifyJobs/Summer2025-Internships/languages', 'stargazers_url': 'https://api.github.com/repos/SimplifyJobs/Summer2025-Internships/stargazers', 'contributors_url': 'https://api.github.com/repos/SimplifyJobs/Summer2025-Internships/contributors', 'subscribers_url': 'https://api.github.com/repos/SimplifyJobs/Summer2025-Internships/subscribers', 'subscription_url': 'https://api.github.com/repos/SimplifyJobs/Summer2025-Internships/subscription', 'commits_url': 'https://api.github.com/repos/SimplifyJobs/Summer2025-Internships/commits{/sha}', 'git_commits_url': 'https://api.github.com/repos/SimplifyJobs/Summer2025-Internships/git/commits{/sha}', 'comments_url': 'https://api.github.com/repos/SimplifyJobs/Summer2025-Internships/comments{/number}', 'issue_comment_url': 'https://api.github.com/repos/SimplifyJobs/Summer2025-Internships/issues/comments{/number}', 'contents_url': 'https://api.github.com/repos/SimplifyJobs/Summer2025-Internships/contents/{+path}', 'compare_url': 'https://api.github.com/repos/SimplifyJobs/Summer2025-Internships/compare/{base}...{head}', 'merges_url': 'https://api.github.com/repos/SimplifyJobs/Summer2025-Internships/merges', 'archive_url': 'https://api.github.com/repos/SimplifyJobs/Summer2025-Internships/{archive_format}{/ref}', 'downloads_url': 'https://api.github.com/repos/SimplifyJobs/Summer2025-Internships/downloads', 'issues_url': 'https://api.github.com/repos/SimplifyJobs/Summer2025-Internships/issues{/number}', 'pulls_url': 'https://api.github.com/repos/SimplifyJobs/Summer2025-Internships/pulls{/number}', 'milestones_url': 'https://api.github.com/repos/SimplifyJobs/Summer2025-Internships/milestones{/number}', 'notifications_url': 'https://api.github.com/repos/SimplifyJobs/Summer2025-Internships/notifications{?since,all,participating}', 'labels_url': 'https://api.github.com/repos/SimplifyJobs/Summer2025-Internships/labels{/name}', 'releases_url': 'https://api.github.com/repos/SimplifyJobs/Summer2025-Internships/releases{/id}', 'deployments_url': 'https://api.github.com/repos/SimplifyJobs/Summer2025-Internships/deployments', 'created_at': '2020-05-23T20:53:18Z', 'updated_at': '2025-04-14T03:09:42Z', 'pushed_at': '2025-04-14T03:09:38Z', 'git_url': 'git://github.com/SimplifyJobs/Summer2025-Internships.git', 'ssh_url': 'git@github.com:SimplifyJobs/Summer2025-Internships.git', 'clone_url': 'https://github.com/SimplifyJobs/Summer2025-Internships.git', 'svn_url': 'https://github.com/SimplifyJobs/Summer2025-Internships', 'homepage': 'https://swelist.com/', 'size': 325574, 'stargazers_count': 37390, 'watchers_count': 37390, 'language': None, 'has_issues': True, 'has_projects': False, 'has_downloads': True, 'has_wiki': False, 'has_pages': False, 'has_discussions': False, 'forks_count': 2899, 'mirror_url': None, 'archived': False, 'disabled': False, 'open_issues_count': 11, 'license': None, 'allow_forking': True, 'is_template': False, 'web_commit_signoff_required': False, 'topics': ['internships', 'interview-preparation', 'jobs', 'university'], 'visibility': 'public', 'forks': 2899, 'open_issues': 11, 'watchers': 37390, 'default_branch': 'dev', 'permissions': {'admin': False, 'maintain': False, 'push': False, 'triage': False, 'pull': True}, 'score': 1.0}]}
Added result: awesome-chatgpt-prompts
Added result: free-for-dev
Added result: Summer2025-Internships
Searching GitHub with query: 2. "Python automation workflows"
GitHub API Response Status: 200
GitHub API Response: {'total_count': 26906, 'incomplete_results': False, 'items': [{'id': 574523116, 'node_id': 'R_kgDOIj6G7A', 'name': 'awesome-chatgpt-prompts', 'full_name': 'f/awesome-chatgpt-prompts', 'private': False, 'owner': {'login': 'f', 'id': 196477, 'node_id': 'MDQ6VXNlcjE5NjQ3Nw==', 'avatar_url': 'https://avatars.githubusercontent.com/u/196477?v=4', 'gravatar_id': '', 'url': 'https://api.github.com/users/f', 'html_url': 'https://github.com/f', 'followers_url': 'https://api.github.com/users/f/followers', 'following_url': 'https://api.github.com/users/f/following{/other_user}', 'gists_url': 'https://api.github.com/users/f/gists{/gist_id}', 'starred_url': 'https://api.github.com/users/f/starred{/owner}{/repo}', 'subscriptions_url': 'https://api.github.com/users/f/subscriptions', 'organizations_url': 'https://api.github.com/users/f/orgs', 'repos_url': 'https://api.github.com/users/f/repos', 'events_url': 'https://api.github.com/users/f/events{/privacy}', 'received_events_url': 'https://api.github.com/users/f/received_events', 'type': 'User', 'user_view_type': 'public', 'site_admin': False}, 'html_url': 'https://github.com/f/awesome-chatgpt-prompts', 'description': 'This repo includes ChatGPT prompt curation to use ChatGPT and other LLM tools better.', 'fork': False, 'url': 'https://api.github.com/repos/f/awesome-chatgpt-prompts', 'forks_url': 'https://api.github.com/repos/f/awesome-chatgpt-prompts/forks', 'keys_url': 'https://api.github.com/repos/f/awesome-chatgpt-prompts/keys{/key_id}', 'collaborators_url': 'https://api.github.com/repos/f/awesome-chatgpt-prompts/collaborators{/collaborator}', 'teams_url': 'https://api.github.com/repos/f/awesome-chatgpt-prompts/teams', 'hooks_url': 'https://api.github.com/repos/f/awesome-chatgpt-prompts/hooks', 'issue_events_url': 'https://api.github.com/repos/f/awesome-chatgpt-prompts/issues/events{/number}', 'events_url': 'https://api.github.com/repos/f/awesome-chatgpt-prompts/events', 'assignees_url': 'https://api.github.com/repos/f/awesome-chatgpt-prompts/assignees{/user}', 'branches_url': 'https://api.github.com/repos/f/awesome-chatgpt-prompts/branches{/branch}', 'tags_url': 'https://api.github.com/repos/f/awesome-chatgpt-prompts/tags', 'blobs_url': 'https://api.github.com/repos/f/awesome-chatgpt-prompts/git/blobs{/sha}', 'git_tags_url': 'https://api.github.com/repos/f/awesome-chatgpt-prompts/git/tags{/sha}', 'git_refs_url': 'https://api.github.com/repos/f/awesome-chatgpt-prompts/git/refs{/sha}', 'trees_url': 'https://api.github.com/repos/f/awesome-chatgpt-prompts/git/trees{/sha}', 'statuses_url': 'https://api.github.com/repos/f/awesome-chatgpt-prompts/statuses/{sha}', 'languages_url': 'https://api.github.com/repos/f/awesome-chatgpt-prompts/languages', 'stargazers_url': 'https://api.github.com/repos/f/awesome-chatgpt-prompts/stargazers', 'contributors_url': 'https://api.github.com/repos/f/awesome-chatgpt-prompts/contributors', 'subscribers_url': 'https://api.github.com/repos/f/awesome-chatgpt-prompts/subscribers', 'subscription_url': 'https://api.github.com/repos/f/awesome-chatgpt-prompts/subscription', 'commits_url': 'https://api.github.com/repos/f/awesome-chatgpt-prompts/commits{/sha}', 'git_commits_url': 'https://api.github.com/repos/f/awesome-chatgpt-prompts/git/commits{/sha}', 'comments_url': 'https://api.github.com/repos/f/awesome-chatgpt-prompts/comments{/number}', 'issue_comment_url': 'https://api.github.com/repos/f/awesome-chatgpt-prompts/issues/comments{/number}', 'contents_url': 'https://api.github.com/repos/f/awesome-chatgpt-prompts/contents/{+path}', 'compare_url': 'https://api.github.com/repos/f/awesome-chatgpt-prompts/compare/{base}...{head}', 'merges_url': 'https://api.github.com/repos/f/awesome-chatgpt-prompts/merges', 'archive_url': 'https://api.github.com/repos/f/awesome-chatgpt-prompts/{archive_format}{/ref}', 'downloads_url': 'https://api.github.com/repos/f/awesome-chatgpt-prompts/downloads', 'issues_url': 'https://api.github.com/repos/f/awesome-chatgpt-prompts/issues{/number}', 'pulls_url': 'https://api.github.com/repos/f/awesome-chatgpt-prompts/pulls{/number}', 'milestones_url': 'https://api.github.com/repos/f/awesome-chatgpt-prompts/milestones{/number}', 'notifications_url': 'https://api.github.com/repos/f/awesome-chatgpt-prompts/notifications{?since,all,participating}', 'labels_url': 'https://api.github.com/repos/f/awesome-chatgpt-prompts/labels{/name}', 'releases_url': 'https://api.github.com/repos/f/awesome-chatgpt-prompts/releases{/id}', 'deployments_url': 'https://api.github.com/repos/f/awesome-chatgpt-prompts/deployments', 'created_at': '2022-12-05T13:54:13Z', 'updated_at': '2025-04-14T03:00:11Z', 'pushed_at': '2025-04-10T21:22:29Z', 'git_url': 'git://github.com/f/awesome-chatgpt-prompts.git', 'ssh_url': 'git@github.com:f/awesome-chatgpt-prompts.git', 'clone_url': 'https://github.com/f/awesome-chatgpt-prompts.git', 'svn_url': 'https://github.com/f/awesome-chatgpt-prompts', 'homepage': 'https://prompts.chat', 'size': 1413, 'stargazers_count': 122920, 'watchers_count': 122920, 'language': 'JavaScript', 'has_issues': False, 'has_projects': False, 'has_downloads': True, 'has_wiki': False, 'has_pages': True, 'has_discussions': False, 'forks_count': 16467, 'mirror_url': None, 'archived': False, 'disabled': False, 'open_issues_count': 265, 'license': {'key': 'cc0-1.0', 'name': 'Creative Commons Zero v1.0 Universal', 'spdx_id': 'CC0-1.0', 'url': 'https://api.github.com/licenses/cc0-1.0', 'node_id': 'MDc6TGljZW5zZTY='}, 'allow_forking': True, 'is_template': False, 'web_commit_signoff_required': False, 'topics': ['bots', 'chatbot', 'chatgpt', 'chatgpt-api', 'language'], 'visibility': 'public', 'forks': 16467, 'open_issues': 265, 'watchers': 122920, 'default_branch': 'main', 'permissions': {'admin': False, 'maintain': False, 'push': False, 'triage': False, 'pull': True}, 'score': 1.0}, {'id': 32484381, 'node_id': 'MDEwOlJlcG9zaXRvcnkzMjQ4NDM4MQ==', 'name': 'free-for-dev', 'full_name': 'ripienaar/free-for-dev', 'private': False, 'owner': {'login': 'ripienaar', 'id': 82342, 'node_id': 'MDQ6VXNlcjgyMzQy', 'avatar_url': 'https://avatars.githubusercontent.com/u/82342?v=4', 'gravatar_id': '', 'url': 'https://api.github.com/users/ripienaar', 'html_url': 'https://github.com/ripienaar', 'followers_url': 'https://api.github.com/users/ripienaar/followers', 'following_url': 'https://api.github.com/users/ripienaar/following{/other_user}', 'gists_url': 'https://api.github.com/users/ripienaar/gists{/gist_id}', 'starred_url': 'https://api.github.com/users/ripienaar/starred{/owner}{/repo}', 'subscriptions_url': 'https://api.github.com/users/ripienaar/subscriptions', 'organizations_url': 'https://api.github.com/users/ripienaar/orgs', 'repos_url': 'https://api.github.com/users/ripienaar/repos', 'events_url': 'https://api.github.com/users/ripienaar/events{/privacy}', 'received_events_url': 'https://api.github.com/users/ripienaar/received_events', 'type': 'User', 'user_view_type': 'public', 'site_admin': False}, 'html_url': 'https://github.com/ripienaar/free-for-dev', 'description': 'A list of SaaS, PaaS and IaaS offerings that have free tiers of interest to devops and infradev', 'fork': False, 'url': 'https://api.github.com/repos/ripienaar/free-for-dev', 'forks_url': 'https://api.github.com/repos/ripienaar/free-for-dev/forks', 'keys_url': 'https://api.github.com/repos/ripienaar/free-for-dev/keys{/key_id}', 'collaborators_url': 'https://api.github.com/repos/ripienaar/free-for-dev/collaborators{/collaborator}', 'teams_url': 'https://api.github.com/repos/ripienaar/free-for-dev/teams', 'hooks_url': 'https://api.github.com/repos/ripienaar/free-for-dev/hooks', 'issue_events_url': 'https://api.github.com/repos/ripienaar/free-for-dev/issues/events{/number}', 'events_url': 'https://api.github.com/repos/ripienaar/free-for-dev/events', 'assignees_url': 'https://api.github.com/repos/ripienaar/free-for-dev/assignees{/user}', 'branches_url': 'https://api.github.com/repos/ripienaar/free-for-dev/branches{/branch}', 'tags_url': 'https://api.github.com/repos/ripienaar/free-for-dev/tags', 'blobs_url': 'https://api.github.com/repos/ripienaar/free-for-dev/git/blobs{/sha}', 'git_tags_url': 'https://api.github.com/repos/ripienaar/free-for-dev/git/tags{/sha}', 'git_refs_url': 'https://api.github.com/repos/ripienaar/free-for-dev/git/refs{/sha}', 'trees_url': 'https://api.github.com/repos/ripienaar/free-for-dev/git/trees{/sha}', 'statuses_url': 'https://api.github.com/repos/ripienaar/free-for-dev/statuses/{sha}', 'languages_url': 'https://api.github.com/repos/ripienaar/free-for-dev/languages', 'stargazers_url': 'https://api.github.com/repos/ripienaar/free-for-dev/stargazers', 'contributors_url': 'https://api.github.com/repos/ripienaar/free-for-dev/contributors', 'subscribers_url': 'https://api.github.com/repos/ripienaar/free-for-dev/subscribers', 'subscription_url': 'https://api.github.com/repos/ripienaar/free-for-dev/subscription', 'commits_url': 'https://api.github.com/repos/ripienaar/free-for-dev/commits{/sha}', 'git_commits_url': 'https://api.github.com/repos/ripienaar/free-for-dev/git/commits{/sha}', 'comments_url': 'https://api.github.com/repos/ripienaar/free-for-dev/comments{/number}', 'issue_comment_url': 'https://api.github.com/repos/ripienaar/free-for-dev/issues/comments{/number}', 'contents_url': 'https://api.github.com/repos/ripienaar/free-for-dev/contents/{+path}', 'compare_url': 'https://api.github.com/repos/ripienaar/free-for-dev/compare/{base}...{head}', 'merges_url': 'https://api.github.com/repos/ripienaar/free-for-dev/merges', 'archive_url': 'https://api.github.com/repos/ripienaar/free-for-dev/{archive_format}{/ref}', 'downloads_url': 'https://api.github.com/repos/ripienaar/free-for-dev/downloads', 'issues_url': 'https://api.github.com/repos/ripienaar/free-for-dev/issues{/number}', 'pulls_url': 'https://api.github.com/repos/ripienaar/free-for-dev/pulls{/number}', 'milestones_url': 'https://api.github.com/repos/ripienaar/free-for-dev/milestones{/number}', 'notifications_url': 'https://api.github.com/repos/ripienaar/free-for-dev/notifications{?since,all,participating}', 'labels_url': 'https://api.github.com/repos/ripienaar/free-for-dev/labels{/name}', 'releases_url': 'https://api.github.com/repos/ripienaar/free-for-dev/releases{/id}', 'deployments_url': 'https://api.github.com/repos/ripienaar/free-for-dev/deployments', 'created_at': '2015-03-18T21:06:26Z', 'updated_at': '2025-04-14T03:30:03Z', 'pushed_at': '2025-04-11T07:31:51Z', 'git_url': 'git://github.com/ripienaar/free-for-dev.git', 'ssh_url': 'git@github.com:ripienaar/free-for-dev.git', 'clone_url': 'https://github.com/ripienaar/free-for-dev.git', 'svn_url': 'https://github.com/ripienaar/free-for-dev', 'homepage': 'https://free-for.dev/', 'size': 8444, 'stargazers_count': 94640, 'watchers_count': 94640, 'language': 'HTML', 'has_issues': False, 'has_projects': False, 'has_downloads': True, 'has_wiki': False, 'has_pages': True, 'has_discussions': False, 'forks_count': 10229, 'mirror_url': None, 'archived': False, 'disabled': False, 'open_issues_count': 17, 'license': None, 'allow_forking': True, 'is_template': False, 'web_commit_signoff_required': False, 'topics': ['awesome-list', 'free-for-developers'], 'visibility': 'public', 'forks': 10229, 'open_issues': 17, 'watchers': 94640, 'default_branch': 'master', 'permissions': {'admin': False, 'maintain': False, 'push': False, 'triage': False, 'pull': True}, 'score': 1.0}, {'id': 266417772, 'node_id': 'MDEwOlJlcG9zaXRvcnkyNjY0MTc3NzI=', 'name': 'Summer2025-Internships', 'full_name': 'SimplifyJobs/Summer2025-Internships', 'private': False, 'owner': {'login': 'SimplifyJobs', 'id': 63759855, 'node_id': 'MDEyOk9yZ2FuaXphdGlvbjYzNzU5ODU1', 'avatar_url': 'https://avatars.githubusercontent.com/u/63759855?v=4', 'gravatar_id': '', 'url': 'https://api.github.com/users/SimplifyJobs', 'html_url': 'https://github.com/SimplifyJobs', 'followers_url': 'https://api.github.com/users/SimplifyJobs/followers', 'following_url': 'https://api.github.com/users/SimplifyJobs/following{/other_user}', 'gists_url': 'https://api.github.com/users/SimplifyJobs/gists{/gist_id}', 'starred_url': 'https://api.github.com/users/SimplifyJobs/starred{/owner}{/repo}', 'subscriptions_url': 'https://api.github.com/users/SimplifyJobs/subscriptions', 'organizations_url': 'https://api.github.com/users/SimplifyJobs/orgs', 'repos_url': 'https://api.github.com/users/SimplifyJobs/repos', 'events_url': 'https://api.github.com/users/SimplifyJobs/events{/privacy}', 'received_events_url': 'https://api.github.com/users/SimplifyJobs/received_events', 'type': 'Organization', 'user_view_type': 'public', 'site_admin': False}, 'html_url': 'https://github.com/SimplifyJobs/Summer2025-Internships', 'description': 'Collection of Summer 2025 tech internships!', 'fork': False, 'url': 'https://api.github.com/repos/SimplifyJobs/Summer2025-Internships', 'forks_url': 'https://api.github.com/repos/SimplifyJobs/Summer2025-Internships/forks', 'keys_url': 'https://api.github.com/repos/SimplifyJobs/Summer2025-Internships/keys{/key_id}', 'collaborators_url': 'https://api.github.com/repos/SimplifyJobs/Summer2025-Internships/collaborators{/collaborator}', 'teams_url': 'https://api.github.com/repos/SimplifyJobs/Summer2025-Internships/teams', 'hooks_url': 'https://api.github.com/repos/SimplifyJobs/Summer2025-Internships/hooks', 'issue_events_url': 'https://api.github.com/repos/SimplifyJobs/Summer2025-Internships/issues/events{/number}', 'events_url': 'https://api.github.com/repos/SimplifyJobs/Summer2025-Internships/events', 'assignees_url': 'https://api.github.com/repos/SimplifyJobs/Summer2025-Internships/assignees{/user}', 'branches_url': 'https://api.github.com/repos/SimplifyJobs/Summer2025-Internships/branches{/branch}', 'tags_url': 'https://api.github.com/repos/SimplifyJobs/Summer2025-Internships/tags', 'blobs_url': 'https://api.github.com/repos/SimplifyJobs/Summer2025-Internships/git/blobs{/sha}', 'git_tags_url': 'https://api.github.com/repos/SimplifyJobs/Summer2025-Internships/git/tags{/sha}', 'git_refs_url': 'https://api.github.com/repos/SimplifyJobs/Summer2025-Internships/git/refs{/sha}', 'trees_url': 'https://api.github.com/repos/SimplifyJobs/Summer2025-Internships/git/trees{/sha}', 'statuses_url': 'https://api.github.com/repos/SimplifyJobs/Summer2025-Internships/statuses/{sha}', 'languages_url': 'https://api.github.com/repos/SimplifyJobs/Summer2025-Internships/languages', 'stargazers_url': 'https://api.github.com/repos/SimplifyJobs/Summer2025-Internships/stargazers', 'contributors_url': 'https://api.github.com/repos/SimplifyJobs/Summer2025-Internships/contributors', 'subscribers_url': 'https://api.github.com/repos/SimplifyJobs/Summer2025-Internships/subscribers', 'subscription_url': 'https://api.github.com/repos/SimplifyJobs/Summer2025-Internships/subscription', 'commits_url': 'https://api.github.com/repos/SimplifyJobs/Summer2025-Internships/commits{/sha}', 'git_commits_url': 'https://api.github.com/repos/SimplifyJobs/Summer2025-Internships/git/commits{/sha}', 'comments_url': 'https://api.github.com/repos/SimplifyJobs/Summer2025-Internships/comments{/number}', 'issue_comment_url': 'https://api.github.com/repos/SimplifyJobs/Summer2025-Internships/issues/comments{/number}', 'contents_url': 'https://api.github.com/repos/SimplifyJobs/Summer2025-Internships/contents/{+path}', 'compare_url': 'https://api.github.com/repos/SimplifyJobs/Summer2025-Internships/compare/{base}...{head}', 'merges_url': 'https://api.github.com/repos/SimplifyJobs/Summer2025-Internships/merges', 'archive_url': 'https://api.github.com/repos/SimplifyJobs/Summer2025-Internships/{archive_format}{/ref}', 'downloads_url': 'https://api.github.com/repos/SimplifyJobs/Summer2025-Internships/downloads', 'issues_url': 'https://api.github.com/repos/SimplifyJobs/Summer2025-Internships/issues{/number}', 'pulls_url': 'https://api.github.com/repos/SimplifyJobs/Summer2025-Internships/pulls{/number}', 'milestones_url': 'https://api.github.com/repos/SimplifyJobs/Summer2025-Internships/milestones{/number}', 'notifications_url': 'https://api.github.com/repos/SimplifyJobs/Summer2025-Internships/notifications{?since,all,participating}', 'labels_url': 'https://api.github.com/repos/SimplifyJobs/Summer2025-Internships/labels{/name}', 'releases_url': 'https://api.github.com/repos/SimplifyJobs/Summer2025-Internships/releases{/id}', 'deployments_url': 'https://api.github.com/repos/SimplifyJobs/Summer2025-Internships/deployments', 'created_at': '2020-05-23T20:53:18Z', 'updated_at': '2025-04-14T03:09:42Z', 'pushed_at': '2025-04-14T03:09:38Z', 'git_url': 'git://github.com/SimplifyJobs/Summer2025-Internships.git', 'ssh_url': 'git@github.com:SimplifyJobs/Summer2025-Internships.git', 'clone_url': 'https://github.com/SimplifyJobs/Summer2025-Internships.git', 'svn_url': 'https://github.com/SimplifyJobs/Summer2025-Internships', 'homepage': 'https://swelist.com/', 'size': 325574, 'stargazers_count': 37390, 'watchers_count': 37390, 'language': None, 'has_issues': True, 'has_projects': False, 'has_downloads': True, 'has_wiki': False, 'has_pages': False, 'has_discussions': False, 'forks_count': 2899, 'mirror_url': None, 'archived': False, 'disabled': False, 'open_issues_count': 11, 'license': None, 'allow_forking': True, 'is_template': False, 'web_commit_signoff_required': False, 'topics': ['internships', 'interview-preparation', 'jobs', 'university'], 'visibility': 'public', 'forks': 2899, 'open_issues': 11, 'watchers': 37390, 'default_branch': 'dev', 'permissions': {'admin': False, 'maintain': False, 'push': False, 'triage': False, 'pull': True}, 'score': 1.0}]}
Searching GitHub with query: 3. "Python API data"
GitHub API Response Status: 200
GitHub API Response: {'total_count': 26906, 'incomplete_results': False, 'items': [{'id': 574523116, 'node_id': 'R_kgDOIj6G7A', 'name': 'awesome-chatgpt-prompts', 'full_name': 'f/awesome-chatgpt-prompts', 'private': False, 'owner': {'login': 'f', 'id': 196477, 'node_id': 'MDQ6VXNlcjE5NjQ3Nw==', 'avatar_url': 'https://avatars.githubusercontent.com/u/196477?v=4', 'gravatar_id': '', 'url': 'https://api.github.com/users/f', 'html_url': 'https://github.com/f', 'followers_url': 'https://api.github.com/users/f/followers', 'following_url': 'https://api.github.com/users/f/following{/other_user}', 'gists_url': 'https://api.github.com/users/f/gists{/gist_id}', 'starred_url': 'https://api.github.com/users/f/starred{/owner}{/repo}', 'subscriptions_url': 'https://api.github.com/users/f/subscriptions', 'organizations_url': 'https://api.github.com/users/f/orgs', 'repos_url': 'https://api.github.com/users/f/repos', 'events_url': 'https://api.github.com/users/f/events{/privacy}', 'received_events_url': 'https://api.github.com/users/f/received_events', 'type': 'User', 'user_view_type': 'public', 'site_admin': False}, 'html_url': 'https://github.com/f/awesome-chatgpt-prompts', 'description': 'This repo includes ChatGPT prompt curation to use ChatGPT and other LLM tools better.', 'fork': False, 'url': 'https://api.github.com/repos/f/awesome-chatgpt-prompts', 'forks_url': 'https://api.github.com/repos/f/awesome-chatgpt-prompts/forks', 'keys_url': 'https://api.github.com/repos/f/awesome-chatgpt-prompts/keys{/key_id}', 'collaborators_url': 'https://api.github.com/repos/f/awesome-chatgpt-prompts/collaborators{/collaborator}', 'teams_url': 'https://api.github.com/repos/f/awesome-chatgpt-prompts/teams', 'hooks_url': 'https://api.github.com/repos/f/awesome-chatgpt-prompts/hooks', 'issue_events_url': 'https://api.github.com/repos/f/awesome-chatgpt-prompts/issues/events{/number}', 'events_url': 'https://api.github.com/repos/f/awesome-chatgpt-prompts/events', 'assignees_url': 'https://api.github.com/repos/f/awesome-chatgpt-prompts/assignees{/user}', 'branches_url': 'https://api.github.com/repos/f/awesome-chatgpt-prompts/branches{/branch}', 'tags_url': 'https://api.github.com/repos/f/awesome-chatgpt-prompts/tags', 'blobs_url': 'https://api.github.com/repos/f/awesome-chatgpt-prompts/git/blobs{/sha}', 'git_tags_url': 'https://api.github.com/repos/f/awesome-chatgpt-prompts/git/tags{/sha}', 'git_refs_url': 'https://api.github.com/repos/f/awesome-chatgpt-prompts/git/refs{/sha}', 'trees_url': 'https://api.github.com/repos/f/awesome-chatgpt-prompts/git/trees{/sha}', 'statuses_url': 'https://api.github.com/repos/f/awesome-chatgpt-prompts/statuses/{sha}', 'languages_url': 'https://api.github.com/repos/f/awesome-chatgpt-prompts/languages', 'stargazers_url': 'https://api.github.com/repos/f/awesome-chatgpt-prompts/stargazers', 'contributors_url': 'https://api.github.com/repos/f/awesome-chatgpt-prompts/contributors', 'subscribers_url': 'https://api.github.com/repos/f/awesome-chatgpt-prompts/subscribers', 'subscription_url': 'https://api.github.com/repos/f/awesome-chatgpt-prompts/subscription', 'commits_url': 'https://api.github.com/repos/f/awesome-chatgpt-prompts/commits{/sha}', 'git_commits_url': 'https://api.github.com/repos/f/awesome-chatgpt-prompts/git/commits{/sha}', 'comments_url': 'https://api.github.com/repos/f/awesome-chatgpt-prompts/comments{/number}', 'issue_comment_url': 'https://api.github.com/repos/f/awesome-chatgpt-prompts/issues/comments{/number}', 'contents_url': 'https://api.github.com/repos/f/awesome-chatgpt-prompts/contents/{+path}', 'compare_url': 'https://api.github.com/repos/f/awesome-chatgpt-prompts/compare/{base}...{head}', 'merges_url': 'https://api.github.com/repos/f/awesome-chatgpt-prompts/merges', 'archive_url': 'https://api.github.com/repos/f/awesome-chatgpt-prompts/{archive_format}{/ref}', 'downloads_url': 'https://api.github.com/repos/f/awesome-chatgpt-prompts/downloads', 'issues_url': 'https://api.github.com/repos/f/awesome-chatgpt-prompts/issues{/number}', 'pulls_url': 'https://api.github.com/repos/f/awesome-chatgpt-prompts/pulls{/number}', 'milestones_url': 'https://api.github.com/repos/f/awesome-chatgpt-prompts/milestones{/number}', 'notifications_url': 'https://api.github.com/repos/f/awesome-chatgpt-prompts/notifications{?since,all,participating}', 'labels_url': 'https://api.github.com/repos/f/awesome-chatgpt-prompts/labels{/name}', 'releases_url': 'https://api.github.com/repos/f/awesome-chatgpt-prompts/releases{/id}', 'deployments_url': 'https://api.github.com/repos/f/awesome-chatgpt-prompts/deployments', 'created_at': '2022-12-05T13:54:13Z', 'updated_at': '2025-04-14T03:00:11Z', 'pushed_at': '2025-04-10T21:22:29Z', 'git_url': 'git://github.com/f/awesome-chatgpt-prompts.git', 'ssh_url': 'git@github.com:f/awesome-chatgpt-prompts.git', 'clone_url': 'https://github.com/f/awesome-chatgpt-prompts.git', 'svn_url': 'https://github.com/f/awesome-chatgpt-prompts', 'homepage': 'https://prompts.chat', 'size': 1413, 'stargazers_count': 122920, 'watchers_count': 122920, 'language': 'JavaScript', 'has_issues': False, 'has_projects': False, 'has_downloads': True, 'has_wiki': False, 'has_pages': True, 'has_discussions': False, 'forks_count': 16467, 'mirror_url': None, 'archived': False, 'disabled': False, 'open_issues_count': 265, 'license': {'key': 'cc0-1.0', 'name': 'Creative Commons Zero v1.0 Universal', 'spdx_id': 'CC0-1.0', 'url': 'https://api.github.com/licenses/cc0-1.0', 'node_id': 'MDc6TGljZW5zZTY='}, 'allow_forking': True, 'is_template': False, 'web_commit_signoff_required': False, 'topics': ['bots', 'chatbot', 'chatgpt', 'chatgpt-api', 'language'], 'visibility': 'public', 'forks': 16467, 'open_issues': 265, 'watchers': 122920, 'default_branch': 'main', 'permissions': {'admin': False, 'maintain': False, 'push': False, 'triage': False, 'pull': True}, 'score': 1.0}, {'id': 32484381, 'node_id': 'MDEwOlJlcG9zaXRvcnkzMjQ4NDM4MQ==', 'name': 'free-for-dev', 'full_name': 'ripienaar/free-for-dev', 'private': False, 'owner': {'login': 'ripienaar', 'id': 82342, 'node_id': 'MDQ6VXNlcjgyMzQy', 'avatar_url': 'https://avatars.githubusercontent.com/u/82342?v=4', 'gravatar_id': '', 'url': 'https://api.github.com/users/ripienaar', 'html_url': 'https://github.com/ripienaar', 'followers_url': 'https://api.github.com/users/ripienaar/followers', 'following_url': 'https://api.github.com/users/ripienaar/following{/other_user}', 'gists_url': 'https://api.github.com/users/ripienaar/gists{/gist_id}', 'starred_url': 'https://api.github.com/users/ripienaar/starred{/owner}{/repo}', 'subscriptions_url': 'https://api.github.com/users/ripienaar/subscriptions', 'organizations_url': 'https://api.github.com/users/ripienaar/orgs', 'repos_url': 'https://api.github.com/users/ripienaar/repos', 'events_url': 'https://api.github.com/users/ripienaar/events{/privacy}', 'received_events_url': 'https://api.github.com/users/ripienaar/received_events', 'type': 'User', 'user_view_type': 'public', 'site_admin': False}, 'html_url': 'https://github.com/ripienaar/free-for-dev', 'description': 'A list of SaaS, PaaS and IaaS offerings that have free tiers of interest to devops and infradev', 'fork': False, 'url': 'https://api.github.com/repos/ripienaar/free-for-dev', 'forks_url': 'https://api.github.com/repos/ripienaar/free-for-dev/forks', 'keys_url': 'https://api.github.com/repos/ripienaar/free-for-dev/keys{/key_id}', 'collaborators_url': 'https://api.github.com/repos/ripienaar/free-for-dev/collaborators{/collaborator}', 'teams_url': 'https://api.github.com/repos/ripienaar/free-for-dev/teams', 'hooks_url': 'https://api.github.com/repos/ripienaar/free-for-dev/hooks', 'issue_events_url': 'https://api.github.com/repos/ripienaar/free-for-dev/issues/events{/number}', 'events_url': 'https://api.github.com/repos/ripienaar/free-for-dev/events', 'assignees_url': 'https://api.github.com/repos/ripienaar/free-for-dev/assignees{/user}', 'branches_url': 'https://api.github.com/repos/ripienaar/free-for-dev/branches{/branch}', 'tags_url': 'https://api.github.com/repos/ripienaar/free-for-dev/tags', 'blobs_url': 'https://api.github.com/repos/ripienaar/free-for-dev/git/blobs{/sha}', 'git_tags_url': 'https://api.github.com/repos/ripienaar/free-for-dev/git/tags{/sha}', 'git_refs_url': 'https://api.github.com/repos/ripienaar/free-for-dev/git/refs{/sha}', 'trees_url': 'https://api.github.com/repos/ripienaar/free-for-dev/git/trees{/sha}', 'statuses_url': 'https://api.github.com/repos/ripienaar/free-for-dev/statuses/{sha}', 'languages_url': 'https://api.github.com/repos/ripienaar/free-for-dev/languages', 'stargazers_url': 'https://api.github.com/repos/ripienaar/free-for-dev/stargazers', 'contributors_url': 'https://api.github.com/repos/ripienaar/free-for-dev/contributors', 'subscribers_url': 'https://api.github.com/repos/ripienaar/free-for-dev/subscribers', 'subscription_url': 'https://api.github.com/repos/ripienaar/free-for-dev/subscription', 'commits_url': 'https://api.github.com/repos/ripienaar/free-for-dev/commits{/sha}', 'git_commits_url': 'https://api.github.com/repos/ripienaar/free-for-dev/git/commits{/sha}', 'comments_url': 'https://api.github.com/repos/ripienaar/free-for-dev/comments{/number}', 'issue_comment_url': 'https://api.github.com/repos/ripienaar/free-for-dev/issues/comments{/number}', 'contents_url': 'https://api.github.com/repos/ripienaar/free-for-dev/contents/{+path}', 'compare_url': 'https://api.github.com/repos/ripienaar/free-for-dev/compare/{base}...{head}', 'merges_url': 'https://api.github.com/repos/ripienaar/free-for-dev/merges', 'archive_url': 'https://api.github.com/repos/ripienaar/free-for-dev/{archive_format}{/ref}', 'downloads_url': 'https://api.github.com/repos/ripienaar/free-for-dev/downloads', 'issues_url': 'https://api.github.com/repos/ripienaar/free-for-dev/issues{/number}', 'pulls_url': 'https://api.github.com/repos/ripienaar/free-for-dev/pulls{/number}', 'milestones_url': 'https://api.github.com/repos/ripienaar/free-for-dev/milestones{/number}', 'notifications_url': 'https://api.github.com/repos/ripienaar/free-for-dev/notifications{?since,all,participating}', 'labels_url': 'https://api.github.com/repos/ripienaar/free-for-dev/labels{/name}', 'releases_url': 'https://api.github.com/repos/ripienaar/free-for-dev/releases{/id}', 'deployments_url': 'https://api.github.com/repos/ripienaar/free-for-dev/deployments', 'created_at': '2015-03-18T21:06:26Z', 'updated_at': '2025-04-14T03:30:03Z', 'pushed_at': '2025-04-11T07:31:51Z', 'git_url': 'git://github.com/ripienaar/free-for-dev.git', 'ssh_url': 'git@github.com:ripienaar/free-for-dev.git', 'clone_url': 'https://github.com/ripienaar/free-for-dev.git', 'svn_url': 'https://github.com/ripienaar/free-for-dev', 'homepage': 'https://free-for.dev/', 'size': 8444, 'stargazers_count': 94640, 'watchers_count': 94640, 'language': 'HTML', 'has_issues': False, 'has_projects': False, 'has_downloads': True, 'has_wiki': False, 'has_pages': True, 'has_discussions': False, 'forks_count': 10229, 'mirror_url': None, 'archived': False, 'disabled': False, 'open_issues_count': 17, 'license': None, 'allow_forking': True, 'is_template': False, 'web_commit_signoff_required': False, 'topics': ['awesome-list', 'free-for-developers'], 'visibility': 'public', 'forks': 10229, 'open_issues': 17, 'watchers': 94640, 'default_branch': 'master', 'permissions': {'admin': False, 'maintain': False, 'push': False, 'triage': False, 'pull': True}, 'score': 1.0}, {'id': 266417772, 'node_id': 'MDEwOlJlcG9zaXRvcnkyNjY0MTc3NzI=', 'name': 'Summer2025-Internships', 'full_name': 'SimplifyJobs/Summer2025-Internships', 'private': False, 'owner': {'login': 'SimplifyJobs', 'id': 63759855, 'node_id': 'MDEyOk9yZ2FuaXphdGlvbjYzNzU5ODU1', 'avatar_url': 'https://avatars.githubusercontent.com/u/63759855?v=4', 'gravatar_id': '', 'url': 'https://api.github.com/users/SimplifyJobs', 'html_url': 'https://github.com/SimplifyJobs', 'followers_url': 'https://api.github.com/users/SimplifyJobs/followers', 'following_url': 'https://api.github.com/users/SimplifyJobs/following{/other_user}', 'gists_url': 'https://api.github.com/users/SimplifyJobs/gists{/gist_id}', 'starred_url': 'https://api.github.com/users/SimplifyJobs/starred{/owner}{/repo}', 'subscriptions_url': 'https://api.github.com/users/SimplifyJobs/subscriptions', 'organizations_url': 'https://api.github.com/users/SimplifyJobs/orgs', 'repos_url': 'https://api.github.com/users/SimplifyJobs/repos', 'events_url': 'https://api.github.com/users/SimplifyJobs/events{/privacy}', 'received_events_url': 'https://api.github.com/users/SimplifyJobs/received_events', 'type': 'Organization', 'user_view_type': 'public', 'site_admin': False}, 'html_url': 'https://github.com/SimplifyJobs/Summer2025-Internships', 'description': 'Collection of Summer 2025 tech internships!', 'fork': False, 'url': 'https://api.github.com/repos/SimplifyJobs/Summer2025-Internships', 'forks_url': 'https://api.github.com/repos/SimplifyJobs/Summer2025-Internships/forks', 'keys_url': 'https://api.github.com/repos/SimplifyJobs/Summer2025-Internships/keys{/key_id}', 'collaborators_url': 'https://api.github.com/repos/SimplifyJobs/Summer2025-Internships/collaborators{/collaborator}', 'teams_url': 'https://api.github.com/repos/SimplifyJobs/Summer2025-Internships/teams', 'hooks_url': 'https://api.github.com/repos/SimplifyJobs/Summer2025-Internships/hooks', 'issue_events_url': 'https://api.github.com/repos/SimplifyJobs/Summer2025-Internships/issues/events{/number}', 'events_url': 'https://api.github.com/repos/SimplifyJobs/Summer2025-Internships/events', 'assignees_url': 'https://api.github.com/repos/SimplifyJobs/Summer2025-Internships/assignees{/user}', 'branches_url': 'https://api.github.com/repos/SimplifyJobs/Summer2025-Internships/branches{/branch}', 'tags_url': 'https://api.github.com/repos/SimplifyJobs/Summer2025-Internships/tags', 'blobs_url': 'https://api.github.com/repos/SimplifyJobs/Summer2025-Internships/git/blobs{/sha}', 'git_tags_url': 'https://api.github.com/repos/SimplifyJobs/Summer2025-Internships/git/tags{/sha}', 'git_refs_url': 'https://api.github.com/repos/SimplifyJobs/Summer2025-Internships/git/refs{/sha}', 'trees_url': 'https://api.github.com/repos/SimplifyJobs/Summer2025-Internships/git/trees{/sha}', 'statuses_url': 'https://api.github.com/repos/SimplifyJobs/Summer2025-Internships/statuses/{sha}', 'languages_url': 'https://api.github.com/repos/SimplifyJobs/Summer2025-Internships/languages', 'stargazers_url': 'https://api.github.com/repos/SimplifyJobs/Summer2025-Internships/stargazers', 'contributors_url': 'https://api.github.com/repos/SimplifyJobs/Summer2025-Internships/contributors', 'subscribers_url': 'https://api.github.com/repos/SimplifyJobs/Summer2025-Internships/subscribers', 'subscription_url': 'https://api.github.com/repos/SimplifyJobs/Summer2025-Internships/subscription', 'commits_url': 'https://api.github.com/repos/SimplifyJobs/Summer2025-Internships/commits{/sha}', 'git_commits_url': 'https://api.github.com/repos/SimplifyJobs/Summer2025-Internships/git/commits{/sha}', 'comments_url': 'https://api.github.com/repos/SimplifyJobs/Summer2025-Internships/comments{/number}', 'issue_comment_url': 'https://api.github.com/repos/SimplifyJobs/Summer2025-Internships/issues/comments{/number}', 'contents_url': 'https://api.github.com/repos/SimplifyJobs/Summer2025-Internships/contents/{+path}', 'compare_url': 'https://api.github.com/repos/SimplifyJobs/Summer2025-Internships/compare/{base}...{head}', 'merges_url': 'https://api.github.com/repos/SimplifyJobs/Summer2025-Internships/merges', 'archive_url': 'https://api.github.com/repos/SimplifyJobs/Summer2025-Internships/{archive_format}{/ref}', 'downloads_url': 'https://api.github.com/repos/SimplifyJobs/Summer2025-Internships/downloads', 'issues_url': 'https://api.github.com/repos/SimplifyJobs/Summer2025-Internships/issues{/number}', 'pulls_url': 'https://api.github.com/repos/SimplifyJobs/Summer2025-Internships/pulls{/number}', 'milestones_url': 'https://api.github.com/repos/SimplifyJobs/Summer2025-Internships/milestones{/number}', 'notifications_url': 'https://api.github.com/repos/SimplifyJobs/Summer2025-Internships/notifications{?since,all,participating}', 'labels_url': 'https://api.github.com/repos/SimplifyJobs/Summer2025-Internships/labels{/name}', 'releases_url': 'https://api.github.com/repos/SimplifyJobs/Summer2025-Internships/releases{/id}', 'deployments_url': 'https://api.github.com/repos/SimplifyJobs/Summer2025-Internships/deployments', 'created_at': '2020-05-23T20:53:18Z', 'updated_at': '2025-04-14T03:09:42Z', 'pushed_at': '2025-04-14T03:09:38Z', 'git_url': 'git://github.com/SimplifyJobs/Summer2025-Internships.git', 'ssh_url': 'git@github.com:SimplifyJobs/Summer2025-Internships.git', 'clone_url': 'https://github.com/SimplifyJobs/Summer2025-Internships.git', 'svn_url': 'https://github.com/SimplifyJobs/Summer2025-Internships', 'homepage': 'https://swelist.com/', 'size': 325574, 'stargazers_count': 37390, 'watchers_count': 37390, 'language': None, 'has_issues': True, 'has_projects': False, 'has_downloads': True, 'has_wiki': False, 'has_pages': False, 'has_discussions': False, 'forks_count': 2899, 'mirror_url': None, 'archived': False, 'disabled': False, 'open_issues_count': 11, 'license': None, 'allow_forking': True, 'is_template': False, 'web_commit_signoff_required': False, 'topics': ['internships', 'interview-preparation', 'jobs', 'university'], 'visibility': 'public', 'forks': 2899, 'open_issues': 11, 'watchers': 37390, 'default_branch': 'dev', 'permissions': {'admin': False, 'maintain': False, 'push': False, 'triage': False, 'pull': True}, 'score': 1.0}]}
Found 3 GitHub results

✨ Total results for query: 6
Generated queries: ['1. "Tableau dashboard summarization using GPT-4 and SQL insights"', '2. "Influencers sharing insights on automation workflows for Tableau dashboards with GPT-4"', '3. "Experts in prompt engineering for GPT-4 and Tableau dashboard analysis"']
Searching LinkedIn with query: 1. "Tableau dashboard summarization using GPT-4 and SQL insights"
Found 0 results for query
Searching LinkedIn with query: 2. "Influencers sharing insights on automation workflows for Tableau dashboards with GPT-4"
Found 0 results for query
Searching LinkedIn with query: 3. "Experts in prompt engineering for GPT-4 and Tableau dashboard analysis"
Found 0 results for query
LinkedIn: Retrieved 0 unique results

📥 Retrieved total of 6 raw items from 1 queries
❌ Rejected: How to create Power BI Dashboard (Report) in 7 Minutes | @PavanLalwani (YouTube)
  Reason: - no: the content is about creating a power bi dashboard, which is not directly relevant to the learner's task of summarizing tableau dashboards using gpt-4. also, the learner is already familiar with tableau and the content does not address their missing skills in prompt engineering and automation workflows.
❌ Rejected: Salary Of Power BI Developer | Power BI Salary In India  #Shorts #simplilearn (YouTube)
  Reason: - no: the content is about power bi, a different tool than the ones the learner is familiar with (gpt-4, tableau, sql). it does not provide information on prompt engineering, automation workflows, or summarizing dashboards into insights, which are the skills the learner needs to develop.
❌ Rejected: How to Become a Data Analyst in 2024 - Step by Step (YouTube)
  Reason: - no: the content is about becoming a data analyst, which is not directly related to the task of summarizing tableau dashboards using gpt-4. the learner's missing skills are prompt engineering and automation workflows, which are not addressed in this content.
✅ Accepted: awesome-chatgpt-prompts (GitHub)
  Reason: - adjacent: the content is related as it deals with prompt curation which could be useful for the pm in understanding how to better use gpt-4. however, it does not directly address the specific task of summarizing tableau dashboards into stakeholder-ready insights. the pm might need more specific guidance on how to use ai for data analysis and reporting workflows.
❌ Rejected: free-for-dev (GitHub)
  Reason: - no: the content is about a python repository of free saas, paas, and iaas offerings which is not directly relevant to the task of summarizing tableau dashboards using gpt-4. it also doesn't address the learner's missing skills in prompt engineering and automation workflows.
❌ Rejected: Summer2025-Internships (GitHub)
  Reason: - no: this content is not relevant to the task described. it is about tech internships and does not provide any information or resources related to designing and implementing ai-powered reporting workflows, prompt engineering, automation workflows, or using gpt-4, tableau, or sql.

✅ Reflection Agent accepted 1 / 6 items
